// Jest Snapshot v1, https://goo.gl/fbAQLP

exports[`Loader.tsx matches snapshot 1`] = `
<View
  style={
    Object {
      "alignItems": "center",
      "flex": 1,
      "justifyContent": "center",
    }
  }
>
  <ActivityIndicator
    animating={true}
    color="#000"
    hidesWhenStopped={true}
    size="large"
  />
</View>
`;
