// Jest Snapshot v1, https://goo.gl/fbAQLP

exports[`PostForm.tsx matches snapshot 1`] = `
Array [
  <View
    style={
      Object {
        "marginBottom": 60,
      }
    }
  >
    <View
      style={
        Object {
          "marginVertical": 20,
          "maxHeight": 80,
        }
      }
    >
      <View
        style={
          Object {
            "marginVertical": 5,
          }
        }
      >
        <Text
          style={
            Object {
              "fontSize": 20,
            }
          }
        >
          Título
        </Text>
      </View>
      <TextInput
        allowFontScaling={true}
        autoCapitalize="none"
        editable={true}
        keyboardType="email-address"
        onBlur={[Function]}
        onChangeText={[Function]}
        placeholder="Crie seu título"
        placeholderTextColor="#898989"
        rejectResponderTermination={true}
        style={
          Object {
            "borderBottomColor": "#000",
            "borderBottomWidth": 1,
            "paddingVertical": 5,
          }
        }
        textContentType="username"
        underlineColorAndroid="transparent"
        value=""
      />
    </View>
    <View
      style={
        Object {
          "marginVertical": 20,
          "maxHeight": 80,
        }
      }
    >
      <View
        style={
          Object {
            "marginVertical": 5,
          }
        }
      >
        <Text
          style={
            Object {
              "fontSize": 20,
            }
          }
        >
          Post
        </Text>
      </View>
      <TextInput
        allowFontScaling={true}
        editable={true}
        multiline={true}
        numberOfLines={5}
        onBlur={[Function]}
        onChangeText={[Function]}
        placeholder="Mal posso esperar para ler o que você tem para contar"
        placeholderTextColor="#898989"
        rejectResponderTermination={true}
        style={
          Object {
            "borderBottomColor": "#000",
            "borderBottomWidth": 1,
            "paddingVertical": 5,
          }
        }
        underlineColorAndroid="transparent"
        value=""
      />
    </View>
  </View>,
  <View
    style={Object {}}
  >
    <View
      accessible={true}
      focusable={true}
      onClick={[Function]}
      onResponderGrant={[Function]}
      onResponderMove={[Function]}
      onResponderRelease={[Function]}
      onResponderTerminate={[Function]}
      onResponderTerminationRequest={[Function]}
      onStartShouldSetResponder={[Function]}
      style={
        Object {
          "backgroundColor": "#ea94a5",
          "borderRadius": 50,
          "height": 50,
          "opacity": 1,
          "padding": 16,
        }
      }
    >
      <Text
        style={
          Object {
            "fontWeight": "bold",
            "textAlign": "center",
          }
        }
      >
        Enviar
      </Text>
    </View>
  </View>,
]
`;
