// Jest Snapshot v1, https://goo.gl/fbAQLP

exports[`store/loader/state matches snapshot 1`] = `
Object {
  "app": true,
  "news": false,
  "posts": false,
}
`;
