// Jest Snapshot v1, https://goo.gl/fbAQLP

exports[`store/news/state.ts matches snapshot 1`] = `
Object {
  "list": Array [],
}
`;
