// Jest Snapshot v1, https://goo.gl/fbAQLP

exports[`NewsCard.tsx matches snapshot 1`] = `
<View
  style={
    Object {
      "backgroundColor": "#fff",
      "borderRadius": 20,
      "elevation": 10,
      "marginBottom": 15,
      "marginHorizontal": 15,
      "paddingVertical": 10,
      "shadowColor": "#000",
      "shadowOffset": Object {
        "height": 4,
        "width": 0,
      },
      "shadowOpacity": 0.2,
      "shadowRadius": 3,
    }
  }
>
  <View
    style={
      Object {
        "alignItems": "center",
        "borderBottomColor": "#DADADA",
        "borderBottomWidth": 1,
        "justifyContent": "center",
        "padding": 20,
      }
    }
  >
    <Image
      source={
        Object {
          "uri": "https://pbs.twimg.com/profile_images/1323222831065374722/dldoUekJ_400x400.jpg",
        }
      }
      style={
        Object {
          "borderRadius": 40,
          "height": 80,
          "marginBottom": 5,
          "width": 80,
        }
      }
    />
    <Text
      style={
        Object {
          "fontSize": 24,
          "fontWeight": "600",
        }
      }
    >
      O Boticário
    </Text>
    <Text
      style={
        Object {
          "color": "#444",
          "fontSize": 12,
        }
      }
    >
      Feb 2, 2020 1:10 PM
    </Text>
  </View>
  <View
    style={
      Object {
        "padding": 20,
      }
    }
  >
    <Text
      style={
        Object {
          "fontSize": 16,
        }
      }
    >
      Além disso, nossos funcionários e familiares receberão kits de proteção. Afinal, o cuidado começa aqui dentro, né?
    </Text>
  </View>
</View>
`;
