// Jest Snapshot v1, https://goo.gl/fbAQLP

exports[`store/auth/state matches snapshot 1`] = `
Object {
  "user": null,
}
`;
